नमस्ते सर मैं श्रे बात कर रही हूँ यार हमारी कंपनी करती है जैसे